// Jest Snapshot v1, https://goo.gl/fbAQLP

exports[`Pruebas al componente GifGridItem Debe hacer match con el Snapshot 1`] = `
<div>
  <div
    class="card"
  >
    <img
      alt="123"
      src="http://localhost/VVVVV"
    />
    <p>
      123
    </p>
  </div>
</div>
`;
